---
source: crates/lashlang/src/runtime/tests.rs
assertion_line: 359
expression: "serde_json::to_string_pretty(&program).expect(\"program should serialize\")"
---
{
  "main": {
    "Block": [
      {
        "Assign": {
          "target": {
            "root": "source"
          },
          "expr": {
            "BuiltinCall": {
              "name": "join",
              "args": [
                {
                  "Variable": "history"
                },
                {
                  "String": ","
                }
              ]
            }
          }
        }
      },
      {
        "Assign": {
          "target": {
            "root": "beta_index"
          },
          "expr": {
            "BuiltinCall": {
              "name": "find",
              "args": [
                {
                  "Variable": "source"
                },
                {
                  "String": "beta"
                }
              ]
            }
          }
        }
      },
      {
        "Assign": {
          "target": {
            "root": "matches"
          },
          "expr": {
            "BuiltinCall": {
              "name": "grep_text",
              "args": [
                {
                  "Variable": "source"
                },
                {
                  "String": "beta"
                }
              ]
            }
          }
        }
      },
      {
        "Assign": {
          "target": {
            "root": "counts"
          },
          "expr": {
            "Record": []
          }
        }
      },
      {
        "For": {
          "binding": "token",
          "iterable": {
            "BuiltinCall": {
              "name": "split",
              "args": [
                {
                  "Variable": "source"
                },
                {
                  "String": ","
                }
              ]
            }
          },
          "body": {
            "Block": [
              {
                "Assign": {
                  "target": {
                    "root": "counts",
                    "steps": [
                      {
                        "Index": {
                          "Variable": "token"
                        }
                      }
                    ]
                  },
                  "expr": {
                    "Binary": {
                      "left": {
                        "Index": {
                          "target": {
                            "Variable": "counts"
                          },
                          "index": {
                            "Variable": "token"
                          }
                        }
                      },
                      "op": "Add",
                      "right": {
                        "Number": 1.0
                      }
                    }
                  }
                }
              }
            ]
          }
        }
      },
      {
        "Assign": {
          "target": {
            "root": "Payload"
          },
          "expr": {
            "TypeLiteral": {
              "Object": [
                {
                  "name": "beta_index",
                  "ty": {
                    "Union": [
                      "Int",
                      "Null"
                    ]
                  },
                  "optional": false
                },
                {
                  "name": "matches",
                  "ty": {
                    "List": "Dict"
                  },
                  "optional": false
                },
                {
                  "name": "counts",
                  "ty": "Dict",
                  "optional": false
                }
              ]
            }
          }
        }
      },
      {
        "Submit": {
          "BuiltinCall": {
            "name": "validate",
            "args": [
              {
                "Record": [
                  [
                    "beta_index",
                    {
                      "Variable": "beta_index"
                    }
                  ],
                  [
                    "matches",
                    {
                      "Variable": "matches"
                    }
                  ],
                  [
                    "counts",
                    {
                      "Variable": "counts"
                    }
                  ]
                ]
              },
              {
                "Variable": "Payload"
              }
            ]
          }
        }
      }
    ]
  },
  "expression_spans": [
    {
      "start": 1,
      "end": 28
    },
    {
      "start": 29,
      "end": 62
    },
    {
      "start": 63,
      "end": 98
    },
    {
      "start": 99,
      "end": 110
    },
    {
      "start": 111,
      "end": 182
    },
    {
      "start": 183,
      "end": 265
    },
    {
      "start": 266,
      "end": 358
    }
  ],
  "expression_source_spans": [
    {
      "path": [
        0
      ],
      "span": {
        "start": 1,
        "end": 28
      }
    },
    {
      "path": [
        0,
        0
      ],
      "span": {
        "start": 10,
        "end": 28
      }
    },
    {
      "path": [
        0,
        0,
        0
      ],
      "span": {
        "start": 15,
        "end": 22
      }
    },
    {
      "path": [
        0,
        0,
        1
      ],
      "span": {
        "start": 24,
        "end": 27
      }
    },
    {
      "path": [
        1
      ],
      "span": {
        "start": 29,
        "end": 62
      }
    },
    {
      "path": [
        1,
        0
      ],
      "span": {
        "start": 42,
        "end": 62
      }
    },
    {
      "path": [
        1,
        0,
        0
      ],
      "span": {
        "start": 47,
        "end": 53
      }
    },
    {
      "path": [
        1,
        0,
        1
      ],
      "span": {
        "start": 55,
        "end": 61
      }
    },
    {
      "path": [
        2
      ],
      "span": {
        "start": 63,
        "end": 98
      }
    },
    {
      "path": [
        2,
        0
      ],
      "span": {
        "start": 73,
        "end": 98
      }
    },
    {
      "path": [
        2,
        0,
        0
      ],
      "span": {
        "start": 83,
        "end": 89
      }
    },
    {
      "path": [
        2,
        0,
        1
      ],
      "span": {
        "start": 91,
        "end": 97
      }
    },
    {
      "path": [
        3
      ],
      "span": {
        "start": 99,
        "end": 110
      }
    },
    {
      "path": [
        3,
        0
      ],
      "span": {
        "start": 108,
        "end": 110
      }
    },
    {
      "path": [
        4
      ],
      "span": {
        "start": 111,
        "end": 182
      }
    },
    {
      "path": [
        4,
        0
      ],
      "span": {
        "start": 124,
        "end": 142
      }
    },
    {
      "path": [
        4,
        0,
        0
      ],
      "span": {
        "start": 130,
        "end": 136
      }
    },
    {
      "path": [
        4,
        0,
        1
      ],
      "span": {
        "start": 138,
        "end": 141
      }
    },
    {
      "path": [
        4,
        1
      ],
      "span": {
        "start": 143,
        "end": 182
      }
    },
    {
      "path": [
        4,
        1,
        0
      ],
      "span": {
        "start": 147,
        "end": 180
      }
    },
    {
      "path": [
        4,
        1,
        0,
        0
      ],
      "span": {
        "start": 154,
        "end": 159
      }
    },
    {
      "path": [
        4,
        1,
        0,
        1
      ],
      "span": {
        "start": 163,
        "end": 180
      }
    },
    {
      "path": [
        4,
        1,
        0,
        1,
        0
      ],
      "span": {
        "start": 163,
        "end": 176
      }
    },
    {
      "path": [
        4,
        1,
        0,
        1,
        0,
        0
      ],
      "span": {
        "start": 163,
        "end": 169
      }
    },
    {
      "path": [
        4,
        1,
        0,
        1,
        0,
        1
      ],
      "span": {
        "start": 170,
        "end": 175
      }
    },
    {
      "path": [
        4,
        1,
        0,
        1,
        1
      ],
      "span": {
        "start": 179,
        "end": 180
      }
    },
    {
      "path": [
        5
      ],
      "span": {
        "start": 183,
        "end": 265
      }
    },
    {
      "path": [
        5,
        0
      ],
      "span": {
        "start": 193,
        "end": 265
      }
    },
    {
      "path": [
        6
      ],
      "span": {
        "start": 266,
        "end": 358
      }
    },
    {
      "path": [
        6,
        0
      ],
      "span": {
        "start": 273,
        "end": 358
      }
    },
    {
      "path": [
        6,
        0,
        0
      ],
      "span": {
        "start": 285,
        "end": 345
      }
    },
    {
      "path": [
        6,
        0,
        0,
        0
      ],
      "span": {
        "start": 299,
        "end": 309
      }
    },
    {
      "path": [
        6,
        0,
        0,
        1
      ],
      "span": {
        "start": 320,
        "end": 327
      }
    },
    {
      "path": [
        6,
        0,
        0,
        2
      ],
      "span": {
        "start": 337,
        "end": 343
      }
    },
    {
      "path": [
        6,
        0,
        1
      ],
      "span": {
        "start": 349,
        "end": 356
      }
    }
  ]
}
