---
source: crates/lashlang/src/runtime/tests.rs
expression: "serde_json::to_string_pretty(&state.snapshot()).expect(\"snapshot should serialize\")"
---
{
  "globals": {
    "Payload": {
      "$lash_type": {
        "additionalProperties": false,
        "properties": {
          "count": {
            "type": "integer"
          },
          "title": {
            "type": "string"
          }
        },
        "required": [
          "title",
          "count"
        ],
        "type": "object"
      }
    },
    "counter": 7,
    "cover": {
      "height": 480,
      "id": "img_1",
      "mime": "image/png",
      "label": "cover",
      "size": 42,
      "type": "image",
      "width": 640
    },
    "projected": {
      "__lashlang_snapshot_projected__": true,
      "name": "matches[0].text",
      "type_name": "string"
    }
  }
}
